// Jest Snapshot v1, https://goo.gl/fbAQLP

exports[`Game review component tests GameReview renders correctly with snapshot 1`] = `
<div>
  <div>
    <div
      className="card rounded"
    >
      <div
        className="card-body"
      >
        <p
          className="card-title"
        >
          Popular games right now
        </p>
        <div
          className="card-text"
        >
          <br />
          <div
            className="row"
          >
            <div
              className="col"
            >
              <div
                className="float-start"
              />
            </div>
            <div
              className="col-md-auto"
            >
              <div
                className="float-end"
              >
                <span>
                  <label
                    className="form col-form-label form-display"
                  >
                    Order by:
                  </label>
                </span>
              </div>
            </div>
            <div
              className="col-md-auto"
            >
              <div
                className="float-end"
              >
                <div>
                  <select
                    className="form-select"
                    onChange={[Function]}
                    value="title"
                  >
                    <option
                      className="dropdown-item"
                      value="title"
                    >
                      Title
                    </option>
                    <option
                      className="dropdown-item"
                      value="description"
                    >
                      Description
                    </option>
                    <option
                      className="dropdown-item"
                      value="release_date"
                    >
                      Release date
                    </option>
                    <option
                      className="dropdown-item"
                      value="genre"
                    >
                      Genre
                    </option>
                    <option
                      className="dropdown-item"
                      value="platform"
                    >
                      Platform
                    </option>
                    <option
                      className="dropdown-item"
                      value="review"
                    >
                      Review
                    </option>
                  </select>
                </div>
              </div>
            </div>
            <div
              className="col-md-auto"
            >
              <div
                className="float-end"
              >
                <div>
                  <select
                    className="form-select"
                    onChange={[Function]}
                    value="1"
                  >
                    <option
                      className="dropdown-item"
                      value="1"
                    >
                      Ascending
                    </option>
                    <option
                      className="dropdown-item"
                      value="-1"
                    >
                      Descending
                    </option>
                  </select>
                </div>
              </div>
            </div>
          </div>
        </div>
      </div>
    </div>
  </div>
</div>
`;
