// Jest Snapshot v1, https://goo.gl/fbAQLP

exports[`Game search component tests GameReview search correctly with snapshot 1`] = `
<div>
  <div>
    <div
      className="card rounded"
    >
      <div
        className="card-body"
      >
        <p
          className="card-title"
        >
          Search Reaults
        </p>
        <div
          className="card-text"
        >
          <br />
          <div
            className="row"
          >
            <div
              className="col"
            >
              <div
                className="float-start"
              >
                Game title
              </div>
            </div>
            <div
              className="col"
            >
              <div
                className="float-start"
              >
                Description
              </div>
            </div>
            <div
              className="col"
            >
              <div
                className="float-start"
              >
                Genre
              </div>
            </div>
            <div
              className="col"
            >
              <div
                className="float-start"
              >
                Platform
              </div>
            </div>
            <div
              className="col-3"
            >
              <div
                className="float-end"
              />
            </div>
          </div>
        </div>
      </div>
    </div>
  </div>
</div>
`;
