// Jest Snapshot v1, https://goo.gl/fbAQLP

exports[`Game review component tests GameReview renders correctly with snapshot 1`] = `
<div>
  <div
    className="card"
  >
    <div
      className="card-body"
    >
      <h5
        className="card-title"
      >
        GameRatings.com
      </h5>
      <div
        className="card-text"
      >
        Rate top games 
        <button
          className="btn btn-info"
          onClick={[Function]}
          type="button"
        >
          Add game
        </button>
      </div>
    </div>
  </div>
  <div>
    <div
      className="card"
    >
      <div
        className="card-body"
      >
        <h5
          className="card-title"
        >
          
        </h5>
        <div
          className="card-text"
        >
          <div
            className="row"
          >
            <div
              className="col"
            >
              <div
                className="float-start"
              >
                Title
              </div>
            </div>
            <div
              className="col"
            >
              <div
                className="float-start"
              >
                Description
              </div>
            </div>
            <div
              className="col"
            >
              <div
                className="float-start"
              >
                Genre
              </div>
            </div>
            <div
              className="col"
            >
              <div
                className="float-start"
              >
                Platform
              </div>
            </div>
            <div
              className="col-3"
            >
              <div
                className="float-end"
              />
            </div>
          </div>
        </div>
      </div>
    </div>
  </div>
</div>
`;
